// Jest Snapshot v1, https://goo.gl/fbAQLP

exports[`renders correctly 1`] = `
<View
  style={
    Object {
      "alignItems": "center",
      "borderLeftColor": "#dadada",
      "borderLeftWidth": 3,
      "flex": 1,
      "marginTop": 15,
      "paddingLeft": 15,
    }
  }
>
  <Text
    accessible={true}
    allowFontScaling={true}
    ellipsizeMode="tail"
  >
    2333
  </Text>
</View>
`;
