// Jest Snapshot v1, https://goo.gl/fbAQLP

exports[`renders correctly 1`] = `
<Text
  accessible={true}
  allowFontScaling={true}
  ellipsizeMode="tail"
  style={
    Array [
      Object {
        "fontSize": 18,
        "fontWeight": "bold",
        "marginTop": 15,
        "textAlign": "center",
        "width": 720,
      },
      Object {
        "fontSize": 18,
      },
    ]
  }
>
  <Text
    accessible={true}
    allowFontScaling={true}
    ellipsizeMode="tail"
  >
    2333
  </Text>
</Text>
`;
