// Jest Snapshot v1, https://goo.gl/fbAQLP

exports[`renders correctly 1`] = `
<Text
  accessible={true}
  allowFontScaling={true}
  ellipsizeMode="tail"
  style={
    Object {
      "color": "#000",
    }
  }
>
  2333
  <Text
    accessible={true}
    allowFontScaling={true}
    ellipsizeMode="tail"
  >
    <Text
      accessible={true}
      allowFontScaling={true}
      ellipsizeMode="tail"
    >
      2333
    </Text>
  </Text>
</Text>
`;
