// Jest Snapshot v1, https://goo.gl/fbAQLP

exports[`renders correctly 1`] = `
<WebView
  injectedJavaScript=""
  onNavigationStateChange={[Function]}
  scalesPageToFit={true}
  source={
    Object {
      "html": "",
    }
  }
  startInLoadingState={true}
  style={
    Object {
      "backgroundColor": "white",
      "height": 1334,
    }
  }
/>
`;
