// Jest Snapshot v1, https://goo.gl/fbAQLP

exports[`renders correctly 1`] = `
<View>
  <View>
    <View
      accessibilityComponentType={undefined}
      accessibilityLabel={undefined}
      accessibilityTraits={undefined}
      accessible={true}
      hasTVPreferredFocus={undefined}
      hitSlop={undefined}
      isTVSelectable={true}
      onLayout={undefined}
      onResponderGrant={[Function]}
      onResponderMove={[Function]}
      onResponderRelease={[Function]}
      onResponderTerminate={[Function]}
      onResponderTerminationRequest={[Function]}
      onStartShouldSetResponder={[Function]}
      style={
        Array [
          Object {
            "backgroundColor": "transparent",
          },
          undefined,
        ]
      }
      testID={undefined}
      tvParallaxProperties={undefined}
    >
      <View
        style={
          Object {
            "backgroundColor": "rgba(238, 238, 238, 1.0)",
            "opacity": 1,
          }
        }
      >
        <View
          style={
            Object {
              "backgroundColor": "#fff",
              "borderTopLeftRadius": 6,
              "borderTopRightRadius": 6,
              "height": 100,
              "margin": 10,
              "shadowColor": "rgba(0,0,0, .2)",
              "shadowOffset": Object {
                "height": 1,
                "width": 0,
              },
              "shadowOpacity": 1,
              "shadowRadius": 1,
            }
          }
        >
          <View>
            <View
              style={
                Object {
                  "flex": 1,
                  "flexDirection": "row",
                }
              }
            >
              <View
                style={
                  Object {
                    "flex": 1,
                    "flexDirection": "column",
                    "justifyContent": "space-between",
                    "margin": 15,
                  }
                }
              >
                <View
                  style={
                    Object {
                      "height": 40,
                    }
                  }
                >
                  <Text
                    accessible={true}
                    allowFontScaling={true}
                    ellipsizeMode="tail"
                    style={
                      Object {
                        "fontSize": 20,
                        "marginBottom": 15,
                        "marginTop": 5,
                      }
                    }
                  >
                    从零开始
                  </Text>
                </View>
                <View
                  style={
                    Object {
                      "height": 40,
                    }
                  }
                >
                  <Text
                    accessible={true}
                    allowFontScaling={true}
                    ellipsizeMode="tail"
                    style={
                      Object {
                        "marginBottom": 15,
                        "marginTop": 5,
                      }
                    }
                  >
                    从这里准备开始你的技术图谱修炼之路
                  </Text>
                </View>
              </View>
            </View>
            <View
              style={
                Object {
                  "alignItems": "flex-end",
                  "height": 100,
                  "left": -10,
                }
              }
            >
              <View
                onPress={undefined}
                style={
                  Array [
                    false,
                    false,
                    false,
                    Object {
                      "alignItems": "center",
                      "backgroundColor": "transparent",
                      "justifyContent": "center",
                    },
                    undefined,
                  ]
                }
                underlayColor="white"
              >
                <Text
                  accessible={true}
                  allowFontScaling={false}
                  ellipsizeMode="tail"
                  style={
                    Array [
                      Object {
                        "color": "#03a9f4",
                        "fontSize": 100,
                      },
                      Array [
                        Object {
                          "backgroundColor": "transparent",
                        },
                        undefined,
                      ],
                      Object {
                        "fontFamily": "Ionicons",
                        "fontStyle": "normal",
                        "fontWeight": "normal",
                      },
                    ]
                  }
                >
                  
                </Text>
              </View>
            </View>
          </View>
        </View>
      </View>
    </View>
    <View
      pointerEvents="none"
      style={
        Object {
          "height": 0,
          "overflow": "hidden",
        }
      }
    >
      <View
        onLayout={[Function]}
        style={Object {}}
      >
        <View
          style={
            Object {
              "backgroundColor": "rgba(238, 238, 238, 1.0)",
              "opacity": 1,
            }
          }
        >
          <View
            style={Object {}}
          >
            <View
              style={
                Object {
                  "backgroundColor": "#fff",
                  "marginLeft": 10,
                  "marginRight": 10,
                }
              }
            >
              <View
                onLongPress={undefined}
                onPress={undefined}
                style={
                  Array [
                    Object {
                      "backgroundColor": "transparent",
                      "borderBottomColor": "#ededed",
                      "borderBottomWidth": 1,
                      "paddingBottom": 10,
                      "paddingRight": 10,
                      "paddingTop": 10,
                    },
                    undefined,
                  ]
                }
                underlayColor="white"
              >
                <View
                  style={
                    Array [
                      Object {
                        "flexDirection": "row",
                        "marginLeft": 10,
                      },
                      undefined,
                    ]
                  }
                >
                  <View
                    style={
                      Object {
                        "flex": 1,
                        "justifyContent": "center",
                      }
                    }
                  >
                    <View
                      style={undefined}
                    >
                      <Text
                        accessible={true}
                        allowFontScaling={true}
                        ellipsizeMode="tail"
                        style={
                          Array [
                            Object {},
                            undefined,
                            undefined,
                            undefined,
                            undefined,
                            undefined,
                            undefined,
                            undefined,
                            undefined,
                            undefined,
                            Array [
                              Object {
                                "color": "#43484d",
                                "fontSize": 17.5,
                              },
                              Object {
                                "marginLeft": 10,
                              },
                              undefined,
                              undefined,
                            ],
                          ]
                        }
                      >
                        hello, world
                      </Text>
                    </View>
                    <View
                      style={undefined}
                    >
                      <View />
                    </View>
                  </View>
                  <View
                    style={
                      Object {
                        "alignItems": "flex-end",
                        "flex": 0.15,
                        "justifyContent": "center",
                      }
                    }
                  >
                    <View
                      onPress={undefined}
                      style={
                        Array [
                          false,
                          false,
                          false,
                          Object {
                            "alignItems": "center",
                            "backgroundColor": "transparent",
                            "justifyContent": "center",
                          },
                          undefined,
                        ]
                      }
                      underlayColor="white"
                    >
                      <Text
                        accessible={true}
                        allowFontScaling={false}
                        ellipsizeMode="tail"
                        style={
                          Array [
                            Object {
                              "color": "#bdc6cf",
                              "fontSize": 28,
                            },
                            Array [
                              Object {
                                "backgroundColor": "transparent",
                              },
                              undefined,
                            ],
                            Object {
                              "fontFamily": "Material Icons",
                              "fontStyle": "normal",
                              "fontWeight": "normal",
                            },
                          ]
                        }
                      >
                        
                      </Text>
                    </View>
                  </View>
                </View>
              </View>
              <View
                onLongPress={undefined}
                onPress={undefined}
                style={
                  Array [
                    Object {
                      "backgroundColor": "transparent",
                      "borderBottomColor": "#ededed",
                      "borderBottomWidth": 1,
                      "paddingBottom": 10,
                      "paddingRight": 10,
                      "paddingTop": 10,
                    },
                    undefined,
                  ]
                }
                underlayColor="white"
              >
                <View
                  style={
                    Array [
                      Object {
                        "flexDirection": "row",
                        "marginLeft": 10,
                      },
                      undefined,
                    ]
                  }
                >
                  <View
                    style={
                      Object {
                        "flex": 1,
                        "justifyContent": "center",
                      }
                    }
                  >
                    <View
                      style={undefined}
                    >
                      <Text
                        accessible={true}
                        allowFontScaling={true}
                        ellipsizeMode="tail"
                        style={
                          Array [
                            Object {},
                            undefined,
                            undefined,
                            undefined,
                            undefined,
                            undefined,
                            undefined,
                            undefined,
                            undefined,
                            undefined,
                            Array [
                              Object {
                                "color": "#43484d",
                                "fontSize": 17.5,
                              },
                              Object {
                                "marginLeft": 10,
                              },
                              undefined,
                              undefined,
                            ],
                          ]
                        }
                      >
                        开发环境
                      </Text>
                    </View>
                    <View
                      style={undefined}
                    >
                      <View />
                    </View>
                  </View>
                  <View
                    style={
                      Object {
                        "alignItems": "flex-end",
                        "flex": 0.15,
                        "justifyContent": "center",
                      }
                    }
                  >
                    <View
                      onPress={undefined}
                      style={
                        Array [
                          false,
                          false,
                          false,
                          Object {
                            "alignItems": "center",
                            "backgroundColor": "transparent",
                            "justifyContent": "center",
                          },
                          undefined,
                        ]
                      }
                      underlayColor="white"
                    >
                      <Text
                        accessible={true}
                        allowFontScaling={false}
                        ellipsizeMode="tail"
                        style={
                          Array [
                            Object {
                              "color": "#bdc6cf",
                              "fontSize": 28,
                            },
                            Array [
                              Object {
                                "backgroundColor": "transparent",
                              },
                              undefined,
                            ],
                            Object {
                              "fontFamily": "Material Icons",
                              "fontStyle": "normal",
                              "fontWeight": "normal",
                            },
                          ]
                        }
                      >
                        
                      </Text>
                    </View>
                  </View>
                </View>
              </View>
            </View>
          </View>
        </View>
      </View>
    </View>
  </View>
</View>
`;
