// Jest Snapshot v1, https://goo.gl/fbAQLP

exports[`renders correctly 1`] = `
<RCTScrollView>
  <View>
    <View
      style={
        Array [
          Object {
            "backgroundColor": "white",
            "borderColor": "#e1e8ee",
            "borderWidth": 1,
            "margin": 15,
            "marginBottom": 0,
            "padding": 15,
            "shadowColor": "rgba(0,0,0, .2)",
            "shadowOffset": Object {
              "height": 0,
              "width": 0,
            },
            "shadowOpacity": 1,
            "shadowRadius": 1,
          },
          undefined,
          undefined,
        ]
      }
    >
      <View
        style={
          Array [
            Object {
              "backgroundColor": "transparent",
            },
            undefined,
            undefined,
          ]
        }
      >
        <View>
          <Text
            accessible={true}
            allowFontScaling={true}
            ellipsizeMode="tail"
            style={
              Array [
                Object {},
                undefined,
                undefined,
                undefined,
                undefined,
                undefined,
                undefined,
                undefined,
                undefined,
                undefined,
                Array [
                  Object {
                    "color": "#43484d",
                    "fontSize": 17.5,
                    "fontWeight": "bold",
                    "marginBottom": 15,
                    "textAlign": "center",
                  },
                  undefined,
                  undefined,
                  undefined,
                ],
              ]
            }
          >
            HTML
          </Text>
          <View
            style={
              Array [
                Object {
                  "backgroundColor": "#e1e8ee",
                  "height": 1,
                },
                Array [
                  Object {
                    "marginBottom": 15,
                  },
                  undefined,
                ],
              ]
            }
          />
        </View>
        <Text
          accessible={true}
          allowFontScaling={true}
          ellipsizeMode="tail"
        >
          Internet主要由从服务器通过HTTP协议向浏览器发送的HTML文档组成。HTML被用来结构化信息——例如标题、段落和列表等等，也可用来在一定程度上描述文档的外观和语义。
        </Text>
      </View>
    </View>
    <View>
      <Text
        accessible={true}
        allowFontScaling={true}
        ellipsizeMode="tail"
        style={
          Object {
            "fontSize": 15.400000000000002,
            "paddingLeft": 15,
            "paddingTop": 15,
          }
        }
      >
        技能要求
      </Text>
      <View
        style={
          Array [
            Object {
              "backgroundColor": "#ffffff",
              "borderBottomWidth": 1,
              "borderColor": "#cbd2d9",
              "borderTopWidth": 1,
              "marginTop": 20,
            },
            Object {
              "marginBottom": 20,
            },
          ]
        }
      >
        <View
          onLongPress={undefined}
          onPress={undefined}
          style={
            Array [
              Object {
                "backgroundColor": "transparent",
                "borderBottomColor": "#ededed",
                "borderBottomWidth": 1,
                "paddingBottom": 10,
                "paddingRight": 10,
                "paddingTop": 10,
              },
              undefined,
            ]
          }
          underlayColor="white"
        >
          <View
            style={
              Array [
                Object {
                  "flexDirection": "row",
                  "marginLeft": 10,
                },
                undefined,
              ]
            }
          >
            <View
              style={
                Array [
                  Object {
                    "alignItems": "center",
                    "flex": 0.15,
                    "justifyContent": "center",
                  },
                  undefined,
                ]
              }
            >
              <View
                onPress={undefined}
                style={
                  Array [
                    false,
                    false,
                    false,
                    Object {
                      "alignItems": "center",
                      "backgroundColor": "transparent",
                      "justifyContent": "center",
                    },
                    undefined,
                  ]
                }
                underlayColor="white"
              >
                <Text
                  accessible={true}
                  allowFontScaling={false}
                  ellipsizeMode="tail"
                  style={
                    Array [
                      Object {
                        "color": "#bdc6cf",
                        "fontSize": 24,
                      },
                      Array [
                        Object {
                          "backgroundColor": "transparent",
                        },
                        Array [
                          Object {
                            "marginRight": 8,
                          },
                          undefined,
                        ],
                      ],
                      Object {
                        "fontFamily": "Material Icons",
                        "fontStyle": "normal",
                        "fontWeight": "normal",
                      },
                    ]
                  }
                >
                  
                </Text>
              </View>
            </View>
            <View
              style={
                Object {
                  "flex": 1,
                  "justifyContent": "center",
                }
              }
            >
              <View
                style={undefined}
              >
                <Text
                  accessible={true}
                  allowFontScaling={true}
                  ellipsizeMode="tail"
                  style={
                    Array [
                      Object {},
                      undefined,
                      undefined,
                      undefined,
                      undefined,
                      undefined,
                      undefined,
                      undefined,
                      undefined,
                      undefined,
                      Array [
                        Object {
                          "color": "#43484d",
                          "fontSize": 17.5,
                        },
                        false,
                        undefined,
                        undefined,
                      ],
                    ]
                  }
                >
                  理解如何创建和浏览一个基本的网页
                </Text>
              </View>
              <View
                style={undefined}
              >
                <View />
              </View>
            </View>
          </View>
        </View>
        <View
          onLongPress={undefined}
          onPress={undefined}
          style={
            Array [
              Object {
                "backgroundColor": "transparent",
                "borderBottomColor": "#ededed",
                "borderBottomWidth": 1,
                "paddingBottom": 10,
                "paddingRight": 10,
                "paddingTop": 10,
              },
              undefined,
            ]
          }
          underlayColor="white"
        >
          <View
            style={
              Array [
                Object {
                  "flexDirection": "row",
                  "marginLeft": 10,
                },
                undefined,
              ]
            }
          >
            <View
              style={
                Array [
                  Object {
                    "alignItems": "center",
                    "flex": 0.15,
                    "justifyContent": "center",
                  },
                  undefined,
                ]
              }
            >
              <View
                onPress={undefined}
                style={
                  Array [
                    false,
                    false,
                    false,
                    Object {
                      "alignItems": "center",
                      "backgroundColor": "transparent",
                      "justifyContent": "center",
                    },
                    undefined,
                  ]
                }
                underlayColor="white"
              >
                <Text
                  accessible={true}
                  allowFontScaling={false}
                  ellipsizeMode="tail"
                  style={
                    Array [
                      Object {
                        "color": "#bdc6cf",
                        "fontSize": 24,
                      },
                      Array [
                        Object {
                          "backgroundColor": "transparent",
                        },
                        Array [
                          Object {
                            "marginRight": 8,
                          },
                          undefined,
                        ],
                      ],
                      Object {
                        "fontFamily": "Material Icons",
                        "fontStyle": "normal",
                        "fontWeight": "normal",
                      },
                    ]
                  }
                >
                  
                </Text>
              </View>
            </View>
            <View
              style={
                Object {
                  "flex": 1,
                  "justifyContent": "center",
                }
              }
            >
              <View
                style={undefined}
              >
                <Text
                  accessible={true}
                  allowFontScaling={true}
                  ellipsizeMode="tail"
                  style={
                    Array [
                      Object {},
                      undefined,
                      undefined,
                      undefined,
                      undefined,
                      undefined,
                      undefined,
                      undefined,
                      undefined,
                      undefined,
                      Array [
                        Object {
                          "color": "#43484d",
                          "fontSize": 17.5,
                        },
                        false,
                        undefined,
                        undefined,
                      ],
                    ]
                  }
                >
                  理解网页间是如何链接的、如何设计多列布局，可以处理表单字段和媒体元素
                </Text>
              </View>
              <View
                style={undefined}
              >
                <View />
              </View>
            </View>
          </View>
        </View>
      </View>
    </View>
    <View>
      <Text
        accessible={true}
        allowFontScaling={true}
        ellipsizeMode="tail"
        style={
          Object {
            "fontSize": 15.400000000000002,
            "paddingLeft": 15,
            "paddingTop": 15,
          }
        }
      >
        扩展资料
      </Text>
      <View
        style={
          Array [
            Object {
              "backgroundColor": "#ffffff",
              "borderBottomWidth": 1,
              "borderColor": "#cbd2d9",
              "borderTopWidth": 1,
              "marginTop": 20,
            },
            undefined,
          ]
        }
      >
        <View
          onLongPress={undefined}
          onPress={undefined}
          style={
            Array [
              Object {
                "backgroundColor": "transparent",
                "borderBottomColor": "#ededed",
                "borderBottomWidth": 1,
                "paddingBottom": 10,
                "paddingRight": 10,
                "paddingTop": 10,
              },
              undefined,
            ]
          }
          underlayColor="white"
        >
          <View
            style={
              Array [
                Object {
                  "flexDirection": "row",
                  "marginLeft": 10,
                },
                undefined,
              ]
            }
          >
            <View
              style={
                Object {
                  "flex": 1,
                  "justifyContent": "center",
                }
              }
            >
              <View
                style={undefined}
              >
                <Text
                  accessible={true}
                  allowFontScaling={true}
                  ellipsizeMode="tail"
                  style={
                    Array [
                      Object {},
                      undefined,
                      undefined,
                      undefined,
                      undefined,
                      undefined,
                      undefined,
                      undefined,
                      undefined,
                      undefined,
                      Array [
                        Object {
                          "color": "#43484d",
                          "fontSize": 17.5,
                        },
                        Object {
                          "marginLeft": 10,
                        },
                        undefined,
                        undefined,
                      ],
                    ]
                  }
                >
                  无处不在的html
                </Text>
              </View>
              <View
                style={undefined}
              >
                <View />
              </View>
            </View>
            <View
              style={
                Object {
                  "alignItems": "flex-end",
                  "flex": 0.15,
                  "justifyContent": "center",
                }
              }
            >
              <View
                onPress={undefined}
                style={
                  Array [
                    false,
                    false,
                    false,
                    Object {
                      "alignItems": "center",
                      "backgroundColor": "transparent",
                      "justifyContent": "center",
                    },
                    undefined,
                  ]
                }
                underlayColor="white"
              >
                <Text
                  accessible={true}
                  allowFontScaling={false}
                  ellipsizeMode="tail"
                  style={
                    Array [
                      Object {
                        "color": "#bdc6cf",
                        "fontSize": 28,
                      },
                      Array [
                        Object {
                          "backgroundColor": "transparent",
                        },
                        undefined,
                      ],
                      Object {
                        "fontFamily": "Material Icons",
                        "fontStyle": "normal",
                        "fontWeight": "normal",
                      },
                    ]
                  }
                >
                  
                </Text>
              </View>
            </View>
          </View>
        </View>
      </View>
    </View>
    <View>
      <Text
        accessible={true}
        allowFontScaling={true}
        ellipsizeMode="tail"
        style={
          Object {
            "fontSize": 15.400000000000002,
            "paddingLeft": 15,
            "paddingTop": 15,
          }
        }
      >
        推荐书籍
      </Text>
      <View
        style={
          Array [
            Object {
              "backgroundColor": "#ffffff",
              "borderBottomWidth": 1,
              "borderColor": "#cbd2d9",
              "borderTopWidth": 1,
              "marginTop": 20,
            },
            Object {
              "marginBottom": 20,
            },
          ]
        }
      >
        <View
          onLongPress={undefined}
          onPress={undefined}
          style={
            Array [
              Object {
                "backgroundColor": "transparent",
                "borderBottomColor": "#ededed",
                "borderBottomWidth": 1,
                "paddingBottom": 10,
                "paddingRight": 10,
                "paddingTop": 10,
              },
              undefined,
            ]
          }
          underlayColor="white"
        >
          <View
            style={
              Array [
                Object {
                  "flexDirection": "row",
                  "marginLeft": 10,
                },
                undefined,
              ]
            }
          >
            <View
              style={
                Object {
                  "flex": 1,
                  "justifyContent": "center",
                }
              }
            >
              <View
                style={undefined}
              >
                <Text
                  accessible={true}
                  allowFontScaling={true}
                  ellipsizeMode="tail"
                  style={
                    Array [
                      Object {},
                      undefined,
                      undefined,
                      undefined,
                      undefined,
                      undefined,
                      undefined,
                      undefined,
                      undefined,
                      undefined,
                      Array [
                        Object {
                          "color": "#43484d",
                          "fontSize": 17.5,
                        },
                        Object {
                          "marginLeft": 10,
                        },
                        undefined,
                        undefined,
                      ],
                    ]
                  }
                >
                  Head First HTML与CSS
                </Text>
              </View>
              <View
                style={undefined}
              >
                <View />
              </View>
            </View>
            <View
              style={
                Object {
                  "alignItems": "flex-end",
                  "flex": 0.15,
                  "justifyContent": "center",
                }
              }
            >
              <View
                onPress={undefined}
                style={
                  Array [
                    false,
                    false,
                    false,
                    Object {
                      "alignItems": "center",
                      "backgroundColor": "transparent",
                      "justifyContent": "center",
                    },
                    undefined,
                  ]
                }
                underlayColor="white"
              >
                <Text
                  accessible={true}
                  allowFontScaling={false}
                  ellipsizeMode="tail"
                  style={
                    Array [
                      Object {
                        "color": "#bdc6cf",
                        "fontSize": 28,
                      },
                      Array [
                        Object {
                          "backgroundColor": "transparent",
                        },
                        undefined,
                      ],
                      Object {
                        "fontFamily": "Material Icons",
                        "fontStyle": "normal",
                        "fontWeight": "normal",
                      },
                    ]
                  }
                >
                  
                </Text>
              </View>
            </View>
          </View>
        </View>
        <View
          onLongPress={undefined}
          onPress={undefined}
          style={
            Array [
              Object {
                "backgroundColor": "transparent",
                "borderBottomColor": "#ededed",
                "borderBottomWidth": 1,
                "paddingBottom": 10,
                "paddingRight": 10,
                "paddingTop": 10,
              },
              undefined,
            ]
          }
          underlayColor="white"
        >
          <View
            style={
              Array [
                Object {
                  "flexDirection": "row",
                  "marginLeft": 10,
                },
                undefined,
              ]
            }
          >
            <View
              style={
                Object {
                  "flex": 1,
                  "justifyContent": "center",
                }
              }
            >
              <View
                style={undefined}
              >
                <Text
                  accessible={true}
                  allowFontScaling={true}
                  ellipsizeMode="tail"
                  style={
                    Array [
                      Object {},
                      undefined,
                      undefined,
                      undefined,
                      undefined,
                      undefined,
                      undefined,
                      undefined,
                      undefined,
                      undefined,
                      Array [
                        Object {
                          "color": "#43484d",
                          "fontSize": 17.5,
                        },
                        Object {
                          "marginLeft": 10,
                        },
                        undefined,
                        undefined,
                      ],
                    ]
                  }
                >
                  图灵程序设计丛书:HTML5权威指南
                </Text>
              </View>
              <View
                style={undefined}
              >
                <View />
              </View>
            </View>
            <View
              style={
                Object {
                  "alignItems": "flex-end",
                  "flex": 0.15,
                  "justifyContent": "center",
                }
              }
            >
              <View
                onPress={undefined}
                style={
                  Array [
                    false,
                    false,
                    false,
                    Object {
                      "alignItems": "center",
                      "backgroundColor": "transparent",
                      "justifyContent": "center",
                    },
                    undefined,
                  ]
                }
                underlayColor="white"
              >
                <Text
                  accessible={true}
                  allowFontScaling={false}
                  ellipsizeMode="tail"
                  style={
                    Array [
                      Object {
                        "color": "#bdc6cf",
                        "fontSize": 28,
                      },
                      Array [
                        Object {
                          "backgroundColor": "transparent",
                        },
                        undefined,
                      ],
                      Object {
                        "fontFamily": "Material Icons",
                        "fontStyle": "normal",
                        "fontWeight": "normal",
                      },
                    ]
                  }
                >
                  
                </Text>
              </View>
            </View>
          </View>
        </View>
      </View>
    </View>
  </View>
</RCTScrollView>
`;
