// Jest Snapshot v1, https://goo.gl/fbAQLP

exports[`test skill tree  test render 1`] = `
<WebView
  automaticallyAdjustContentInsets={false}
  injectedJavaScript=""
  onMessage={[Function]}
  onNavigationStateChange={undefined}
  scalesPageToFit={true}
  source={
    Object {
      "process": [Function],
    }
  }
  startInLoadingState={true}
  style={
    Array [
      undefined,
      Object {
        "height": 1334,
        "width": 750,
      },
    ]
  }
/>
`;
