// Jest Snapshot v1, https://goo.gl/fbAQLP

exports[`renders correctly 1`] = `
<RCTScrollView
  style={
    Object {
      "backgroundColor": "#E9EBEE",
      "marginTop": 64,
    }
  }
>
  <View>
    <View
      marginTop={-40}
      style={
        Object {
          "alignItems": "center",
          "backgroundColor": "rgba(0,0,0,.3)",
          "flex": 1,
          "height": 40,
          "justifyContent": "center",
        }
      }
    >
      <Text
        accessible={true}
        allowFontScaling={true}
        ellipsizeMode="tail"
      >
        链接已复制
      </Text>
    </View>
  </View>
</RCTScrollView>
`;
