// Jest Snapshot v1, https://goo.gl/fbAQLP

exports[`test user center renders correctly 1`] = `
<RCTScrollView>
  <View>
    <View
      style={
        Array [
          Object {
            "backgroundColor": "#ffffff",
            "borderBottomWidth": 1,
            "borderColor": "#cbd2d9",
            "borderTopWidth": 1,
            "marginTop": 20,
          },
          undefined,
        ]
      }
    >
      <View
        onLongPress={undefined}
        onPress={undefined}
        style={
          Array [
            Object {
              "backgroundColor": "transparent",
              "borderBottomColor": "#ededed",
              "borderBottomWidth": 1,
              "paddingBottom": 10,
              "paddingRight": 10,
              "paddingTop": 10,
            },
            undefined,
          ]
        }
        underlayColor="white"
      >
        <View
          style={
            Array [
              Object {
                "flexDirection": "row",
                "marginLeft": 10,
              },
              undefined,
            ]
          }
        >
          <View
            style={
              Array [
                Object {
                  "alignItems": "center",
                  "flex": 0.15,
                  "justifyContent": "center",
                },
                undefined,
              ]
            }
          >
            <View
              onPress={undefined}
              style={
                Array [
                  false,
                  false,
                  false,
                  Object {
                    "alignItems": "center",
                    "backgroundColor": "transparent",
                    "justifyContent": "center",
                  },
                  undefined,
                ]
              }
              underlayColor="white"
            >
              <Text
                accessible={true}
                allowFontScaling={false}
                ellipsizeMode="tail"
                style={
                  Array [
                    Object {
                      "color": "#bdc6cf",
                      "fontSize": 24,
                    },
                    Array [
                      Object {
                        "backgroundColor": "transparent",
                      },
                      Array [
                        Object {
                          "marginRight": 8,
                        },
                        undefined,
                      ],
                    ],
                    Object {
                      "fontFamily": "Material Icons",
                      "fontStyle": "normal",
                      "fontWeight": "normal",
                    },
                  ]
                }
              >
                
              </Text>
            </View>
          </View>
          <View
            style={
              Object {
                "flex": 1,
                "justifyContent": "center",
              }
            }
          >
            <View
              style={undefined}
            >
              <Text
                accessible={true}
                allowFontScaling={true}
                ellipsizeMode="tail"
                style={
                  Array [
                    Object {},
                    undefined,
                    undefined,
                    undefined,
                    undefined,
                    undefined,
                    undefined,
                    undefined,
                    undefined,
                    undefined,
                    Array [
                      Object {
                        "color": "#43484d",
                        "fontSize": 17.5,
                      },
                      false,
                      undefined,
                      undefined,
                    ],
                  ]
                }
              >
                我的书签
              </Text>
            </View>
            <View
              style={undefined}
            >
              <View />
            </View>
          </View>
          <View
            style={
              Object {
                "alignItems": "flex-end",
                "flex": 0.15,
                "justifyContent": "center",
              }
            }
          >
            <View
              onPress={undefined}
              style={
                Array [
                  false,
                  false,
                  false,
                  Object {
                    "alignItems": "center",
                    "backgroundColor": "transparent",
                    "justifyContent": "center",
                  },
                  undefined,
                ]
              }
              underlayColor="white"
            >
              <Text
                accessible={true}
                allowFontScaling={false}
                ellipsizeMode="tail"
                style={
                  Array [
                    Object {
                      "color": "#bdc6cf",
                      "fontSize": 28,
                    },
                    Array [
                      Object {
                        "backgroundColor": "transparent",
                      },
                      undefined,
                    ],
                    Object {
                      "fontFamily": "Material Icons",
                      "fontStyle": "normal",
                      "fontWeight": "normal",
                    },
                  ]
                }
              >
                
              </Text>
            </View>
          </View>
        </View>
      </View>
      <View
        onLongPress={undefined}
        onPress={undefined}
        style={
          Array [
            Object {
              "backgroundColor": "transparent",
              "borderBottomColor": "#ededed",
              "borderBottomWidth": 1,
              "paddingBottom": 10,
              "paddingRight": 10,
              "paddingTop": 10,
            },
            undefined,
          ]
        }
        underlayColor="white"
      >
        <View
          style={
            Array [
              Object {
                "flexDirection": "row",
                "marginLeft": 10,
              },
              undefined,
            ]
          }
        >
          <View
            style={
              Array [
                Object {
                  "alignItems": "center",
                  "flex": 0.15,
                  "justifyContent": "center",
                },
                undefined,
              ]
            }
          >
            <View
              onPress={undefined}
              style={
                Array [
                  false,
                  false,
                  false,
                  Object {
                    "alignItems": "center",
                    "backgroundColor": "transparent",
                    "justifyContent": "center",
                  },
                  undefined,
                ]
              }
              underlayColor="white"
            >
              <Text
                accessible={true}
                allowFontScaling={false}
                ellipsizeMode="tail"
                style={
                  Array [
                    Object {
                      "color": "#bdc6cf",
                      "fontSize": 24,
                    },
                    Array [
                      Object {
                        "backgroundColor": "transparent",
                      },
                      Array [
                        Object {
                          "marginRight": 8,
                        },
                        undefined,
                      ],
                    ],
                    Object {
                      "fontFamily": "Material Icons",
                      "fontStyle": "normal",
                      "fontWeight": "normal",
                    },
                  ]
                }
              >
                
              </Text>
            </View>
          </View>
          <View
            style={
              Object {
                "flex": 1,
                "justifyContent": "center",
              }
            }
          >
            <View
              style={undefined}
            >
              <Text
                accessible={true}
                allowFontScaling={true}
                ellipsizeMode="tail"
                style={
                  Array [
                    Object {},
                    undefined,
                    undefined,
                    undefined,
                    undefined,
                    undefined,
                    undefined,
                    undefined,
                    undefined,
                    undefined,
                    Array [
                      Object {
                        "color": "#43484d",
                        "fontSize": 17.5,
                      },
                      false,
                      undefined,
                      undefined,
                    ],
                  ]
                }
              >
                我的技能分布
              </Text>
            </View>
            <View
              style={undefined}
            >
              <View />
            </View>
          </View>
          <View
            style={
              Object {
                "alignItems": "flex-end",
                "flex": 0.15,
                "justifyContent": "center",
              }
            }
          >
            <View
              onPress={undefined}
              style={
                Array [
                  false,
                  false,
                  false,
                  Object {
                    "alignItems": "center",
                    "backgroundColor": "transparent",
                    "justifyContent": "center",
                  },
                  undefined,
                ]
              }
              underlayColor="white"
            >
              <Text
                accessible={true}
                allowFontScaling={false}
                ellipsizeMode="tail"
                style={
                  Array [
                    Object {
                      "color": "#bdc6cf",
                      "fontSize": 28,
                    },
                    Array [
                      Object {
                        "backgroundColor": "transparent",
                      },
                      undefined,
                    ],
                    Object {
                      "fontFamily": "Material Icons",
                      "fontStyle": "normal",
                      "fontWeight": "normal",
                    },
                  ]
                }
              >
                
              </Text>
            </View>
          </View>
        </View>
      </View>
    </View>
    <View
      style={
        Array [
          Object {
            "backgroundColor": "#ffffff",
            "borderBottomWidth": 1,
            "borderColor": "#cbd2d9",
            "borderTopWidth": 1,
            "marginTop": 20,
          },
          undefined,
        ]
      }
    >
      <View
        onLongPress={undefined}
        onPress={undefined}
        style={
          Array [
            Object {
              "backgroundColor": "transparent",
              "borderBottomColor": "#ededed",
              "borderBottomWidth": 1,
              "paddingBottom": 10,
              "paddingRight": 10,
              "paddingTop": 10,
            },
            undefined,
          ]
        }
        underlayColor="white"
      >
        <View
          style={
            Array [
              Object {
                "flexDirection": "row",
                "marginLeft": 10,
              },
              undefined,
            ]
          }
        >
          <View
            style={
              Array [
                Object {
                  "alignItems": "center",
                  "flex": 0.15,
                  "justifyContent": "center",
                },
                undefined,
              ]
            }
          >
            <View
              onPress={undefined}
              style={
                Array [
                  false,
                  false,
                  false,
                  Object {
                    "alignItems": "center",
                    "backgroundColor": "transparent",
                    "justifyContent": "center",
                  },
                  undefined,
                ]
              }
              underlayColor="white"
            >
              <Text
                accessible={true}
                allowFontScaling={false}
                ellipsizeMode="tail"
                style={
                  Array [
                    Object {
                      "color": "#bdc6cf",
                      "fontSize": 24,
                    },
                    Array [
                      Object {
                        "backgroundColor": "transparent",
                      },
                      Array [
                        Object {
                          "marginRight": 8,
                        },
                        undefined,
                      ],
                    ],
                    Object {
                      "fontFamily": "Material Icons",
                      "fontStyle": "normal",
                      "fontWeight": "normal",
                    },
                  ]
                }
              >
                
              </Text>
            </View>
          </View>
          <View
            style={
              Object {
                "flex": 1,
                "justifyContent": "center",
              }
            }
          >
            <View
              style={undefined}
            >
              <Text
                accessible={true}
                allowFontScaling={true}
                ellipsizeMode="tail"
                style={
                  Array [
                    Object {},
                    undefined,
                    undefined,
                    undefined,
                    undefined,
                    undefined,
                    undefined,
                    undefined,
                    undefined,
                    undefined,
                    Array [
                      Object {
                        "color": "#43484d",
                        "fontSize": 17.5,
                      },
                      false,
                      undefined,
                      undefined,
                    ],
                  ]
                }
              >
                关于
              </Text>
            </View>
            <View
              style={undefined}
            >
              <View />
            </View>
          </View>
          <View
            style={
              Object {
                "alignItems": "flex-end",
                "flex": 0.15,
                "justifyContent": "center",
              }
            }
          >
            <View
              onPress={undefined}
              style={
                Array [
                  false,
                  false,
                  false,
                  Object {
                    "alignItems": "center",
                    "backgroundColor": "transparent",
                    "justifyContent": "center",
                  },
                  undefined,
                ]
              }
              underlayColor="white"
            >
              <Text
                accessible={true}
                allowFontScaling={false}
                ellipsizeMode="tail"
                style={
                  Array [
                    Object {
                      "color": "#bdc6cf",
                      "fontSize": 28,
                    },
                    Array [
                      Object {
                        "backgroundColor": "transparent",
                      },
                      undefined,
                    ],
                    Object {
                      "fontFamily": "Material Icons",
                      "fontStyle": "normal",
                      "fontWeight": "normal",
                    },
                  ]
                }
              >
                
              </Text>
            </View>
          </View>
        </View>
      </View>
      <View
        accessibilityComponentType={undefined}
        accessibilityLabel={undefined}
        accessibilityTraits={undefined}
        accessible={true}
        hasTVPreferredFocus={undefined}
        hitSlop={undefined}
        isTVSelectable={true}
        onLayout={undefined}
        onResponderGrant={[Function]}
        onResponderMove={[Function]}
        onResponderRelease={[Function]}
        onResponderTerminate={[Function]}
        onResponderTerminationRequest={[Function]}
        onStartShouldSetResponder={[Function]}
        style={
          Array [
            Object {
              "backgroundColor": "transparent",
            },
            Array [
              Object {
                "backgroundColor": "transparent",
                "borderBottomColor": "#ededed",
                "borderBottomWidth": 1,
                "paddingBottom": 10,
                "paddingRight": 10,
                "paddingTop": 10,
              },
              undefined,
            ],
          ]
        }
        testID={undefined}
        tvParallaxProperties={undefined}
      >
        <View
          style={
            Array [
              Object {
                "flexDirection": "row",
                "marginLeft": 10,
              },
              undefined,
            ]
          }
        >
          <View
            style={
              Array [
                Object {
                  "alignItems": "center",
                  "flex": 0.15,
                  "justifyContent": "center",
                },
                undefined,
              ]
            }
          >
            <View
              onPress={undefined}
              style={
                Array [
                  false,
                  false,
                  false,
                  Object {
                    "alignItems": "center",
                    "backgroundColor": "transparent",
                    "justifyContent": "center",
                  },
                  undefined,
                ]
              }
              underlayColor="white"
            >
              <Text
                accessible={true}
                allowFontScaling={false}
                ellipsizeMode="tail"
                style={
                  Array [
                    Object {
                      "color": "#bdc6cf",
                      "fontSize": 24,
                    },
                    Array [
                      Object {
                        "backgroundColor": "transparent",
                      },
                      Array [
                        Object {
                          "marginRight": 8,
                        },
                        undefined,
                      ],
                    ],
                    Object {
                      "fontFamily": "Material Icons",
                      "fontStyle": "normal",
                      "fontWeight": "normal",
                    },
                  ]
                }
              >
                
              </Text>
            </View>
          </View>
          <View
            style={
              Object {
                "flex": 1,
                "justifyContent": "center",
              }
            }
          >
            <View
              style={undefined}
            >
              <Text
                accessible={true}
                allowFontScaling={true}
                ellipsizeMode="tail"
                style={
                  Array [
                    Object {},
                    undefined,
                    undefined,
                    undefined,
                    undefined,
                    undefined,
                    undefined,
                    undefined,
                    undefined,
                    undefined,
                    Array [
                      Object {
                        "color": "#43484d",
                        "fontSize": 17.5,
                      },
                      false,
                      undefined,
                      undefined,
                    ],
                  ]
                }
              >
                分享给好友
              </Text>
            </View>
            <View
              style={undefined}
            >
              <View />
            </View>
          </View>
          <View
            style={
              Object {
                "alignItems": "flex-end",
                "flex": 0.15,
                "justifyContent": "center",
              }
            }
          >
            <View
              onPress={undefined}
              style={
                Array [
                  false,
                  false,
                  false,
                  Object {
                    "alignItems": "center",
                    "backgroundColor": "transparent",
                    "justifyContent": "center",
                  },
                  undefined,
                ]
              }
              underlayColor="white"
            >
              <Text
                accessible={true}
                allowFontScaling={false}
                ellipsizeMode="tail"
                style={
                  Array [
                    Object {
                      "color": "#bdc6cf",
                      "fontSize": 28,
                    },
                    Array [
                      Object {
                        "backgroundColor": "transparent",
                      },
                      undefined,
                    ],
                    Object {
                      "fontFamily": "Material Icons",
                      "fontStyle": "normal",
                      "fontWeight": "normal",
                    },
                  ]
                }
              >
                
              </Text>
            </View>
          </View>
        </View>
      </View>
      <View
        onLongPress={undefined}
        onPress={undefined}
        style={
          Array [
            Object {
              "backgroundColor": "transparent",
              "borderBottomColor": "#ededed",
              "borderBottomWidth": 1,
              "paddingBottom": 10,
              "paddingRight": 10,
              "paddingTop": 10,
            },
            undefined,
          ]
        }
        underlayColor="white"
      >
        <View
          style={
            Array [
              Object {
                "flexDirection": "row",
                "marginLeft": 10,
              },
              undefined,
            ]
          }
        >
          <View
            style={
              Array [
                Object {
                  "alignItems": "center",
                  "flex": 0.15,
                  "justifyContent": "center",
                },
                undefined,
              ]
            }
          >
            <View
              onPress={undefined}
              style={
                Array [
                  false,
                  false,
                  false,
                  Object {
                    "alignItems": "center",
                    "backgroundColor": "transparent",
                    "justifyContent": "center",
                  },
                  undefined,
                ]
              }
              underlayColor="white"
            >
              <Text
                accessible={true}
                allowFontScaling={false}
                ellipsizeMode="tail"
                style={
                  Array [
                    Object {
                      "color": "#bdc6cf",
                      "fontSize": 24,
                    },
                    Array [
                      Object {
                        "backgroundColor": "transparent",
                      },
                      Array [
                        Object {
                          "marginRight": 8,
                        },
                        undefined,
                      ],
                    ],
                    Object {
                      "fontFamily": "Material Icons",
                      "fontStyle": "normal",
                      "fontWeight": "normal",
                    },
                  ]
                }
              >
                
              </Text>
            </View>
          </View>
          <View
            style={
              Object {
                "flex": 1,
                "justifyContent": "center",
              }
            }
          >
            <View
              style={undefined}
            >
              <Text
                accessible={true}
                allowFontScaling={true}
                ellipsizeMode="tail"
                style={
                  Array [
                    Object {},
                    undefined,
                    undefined,
                    undefined,
                    undefined,
                    undefined,
                    undefined,
                    undefined,
                    undefined,
                    undefined,
                    Array [
                      Object {
                        "color": "#43484d",
                        "fontSize": 17.5,
                      },
                      false,
                      undefined,
                      undefined,
                    ],
                  ]
                }
              >
                觉得不错，给个好评
              </Text>
            </View>
            <View
              style={undefined}
            >
              <View />
            </View>
          </View>
          <View
            style={
              Object {
                "alignItems": "flex-end",
                "flex": 0.15,
                "justifyContent": "center",
              }
            }
          >
            <View
              onPress={undefined}
              style={
                Array [
                  false,
                  false,
                  false,
                  Object {
                    "alignItems": "center",
                    "backgroundColor": "transparent",
                    "justifyContent": "center",
                  },
                  undefined,
                ]
              }
              underlayColor="white"
            >
              <Text
                accessible={true}
                allowFontScaling={false}
                ellipsizeMode="tail"
                style={
                  Array [
                    Object {
                      "color": "#bdc6cf",
                      "fontSize": 28,
                    },
                    Array [
                      Object {
                        "backgroundColor": "transparent",
                      },
                      undefined,
                    ],
                    Object {
                      "fontFamily": "Material Icons",
                      "fontStyle": "normal",
                      "fontWeight": "normal",
                    },
                  ]
                }
              >
                
              </Text>
            </View>
          </View>
        </View>
      </View>
      <View
        onLongPress={undefined}
        onPress={undefined}
        style={
          Array [
            Object {
              "backgroundColor": "transparent",
              "borderBottomColor": "#ededed",
              "borderBottomWidth": 1,
              "paddingBottom": 10,
              "paddingRight": 10,
              "paddingTop": 10,
            },
            undefined,
          ]
        }
        underlayColor="white"
      >
        <View
          style={
            Array [
              Object {
                "flexDirection": "row",
                "marginLeft": 10,
              },
              undefined,
            ]
          }
        >
          <View
            style={
              Array [
                Object {
                  "alignItems": "center",
                  "flex": 0.15,
                  "justifyContent": "center",
                },
                undefined,
              ]
            }
          >
            <View
              onPress={undefined}
              style={
                Array [
                  false,
                  false,
                  false,
                  Object {
                    "alignItems": "center",
                    "backgroundColor": "transparent",
                    "justifyContent": "center",
                  },
                  undefined,
                ]
              }
              underlayColor="white"
            >
              <Text
                accessible={true}
                allowFontScaling={false}
                ellipsizeMode="tail"
                style={
                  Array [
                    Object {
                      "color": "#bdc6cf",
                      "fontSize": 24,
                    },
                    Array [
                      Object {
                        "backgroundColor": "transparent",
                      },
                      Array [
                        Object {
                          "marginRight": 8,
                        },
                        undefined,
                      ],
                    ],
                    Object {
                      "fontFamily": "Material Icons",
                      "fontStyle": "normal",
                      "fontWeight": "normal",
                    },
                  ]
                }
              >
                
              </Text>
            </View>
          </View>
          <View
            style={
              Object {
                "flex": 1,
                "justifyContent": "center",
              }
            }
          >
            <View
              style={undefined}
            >
              <Text
                accessible={true}
                allowFontScaling={true}
                ellipsizeMode="tail"
                style={
                  Array [
                    Object {},
                    undefined,
                    undefined,
                    undefined,
                    undefined,
                    undefined,
                    undefined,
                    undefined,
                    undefined,
                    undefined,
                    Array [
                      Object {
                        "color": "#43484d",
                        "fontSize": 17.5,
                      },
                      false,
                      undefined,
                      undefined,
                    ],
                  ]
                }
              >
                发现Bug
              </Text>
            </View>
            <View
              style={undefined}
            >
              <View />
            </View>
          </View>
          <View
            style={
              Object {
                "alignItems": "flex-end",
                "flex": 0.15,
                "justifyContent": "center",
              }
            }
          >
            <View
              onPress={undefined}
              style={
                Array [
                  false,
                  false,
                  false,
                  Object {
                    "alignItems": "center",
                    "backgroundColor": "transparent",
                    "justifyContent": "center",
                  },
                  undefined,
                ]
              }
              underlayColor="white"
            >
              <Text
                accessible={true}
                allowFontScaling={false}
                ellipsizeMode="tail"
                style={
                  Array [
                    Object {
                      "color": "#bdc6cf",
                      "fontSize": 28,
                    },
                    Array [
                      Object {
                        "backgroundColor": "transparent",
                      },
                      undefined,
                    ],
                    Object {
                      "fontFamily": "Material Icons",
                      "fontStyle": "normal",
                      "fontWeight": "normal",
                    },
                  ]
                }
              >
                
              </Text>
            </View>
          </View>
        </View>
      </View>
      <View
        onLongPress={undefined}
        onPress={undefined}
        style={
          Array [
            Object {
              "backgroundColor": "transparent",
              "borderBottomColor": "#ededed",
              "borderBottomWidth": 1,
              "paddingBottom": 10,
              "paddingRight": 10,
              "paddingTop": 10,
            },
            undefined,
          ]
        }
        underlayColor="white"
      >
        <View
          style={
            Array [
              Object {
                "flexDirection": "row",
                "marginLeft": 10,
              },
              undefined,
            ]
          }
        >
          <View
            style={
              Array [
                Object {
                  "alignItems": "center",
                  "flex": 0.15,
                  "justifyContent": "center",
                },
                undefined,
              ]
            }
          >
            <View
              onPress={undefined}
              style={
                Array [
                  false,
                  false,
                  false,
                  Object {
                    "alignItems": "center",
                    "backgroundColor": "transparent",
                    "justifyContent": "center",
                  },
                  undefined,
                ]
              }
              underlayColor="white"
            >
              <Text
                accessible={true}
                allowFontScaling={false}
                ellipsizeMode="tail"
                style={
                  Array [
                    Object {
                      "color": "#bdc6cf",
                      "fontSize": 24,
                    },
                    Array [
                      Object {
                        "backgroundColor": "transparent",
                      },
                      Array [
                        Object {
                          "marginRight": 8,
                        },
                        undefined,
                      ],
                    ],
                    Object {
                      "fontFamily": "Material Icons",
                      "fontStyle": "normal",
                      "fontWeight": "normal",
                    },
                  ]
                }
              >
                
              </Text>
            </View>
          </View>
          <View
            style={
              Object {
                "flex": 1,
                "justifyContent": "center",
              }
            }
          >
            <View
              style={undefined}
            >
              <Text
                accessible={true}
                allowFontScaling={true}
                ellipsizeMode="tail"
                style={
                  Array [
                    Object {},
                    undefined,
                    undefined,
                    undefined,
                    undefined,
                    undefined,
                    undefined,
                    undefined,
                    undefined,
                    undefined,
                    Array [
                      Object {
                        "color": "#43484d",
                        "fontSize": 17.5,
                      },
                      false,
                      undefined,
                      undefined,
                    ],
                  ]
                }
              >
                功能反馈
              </Text>
            </View>
            <View
              style={undefined}
            >
              <View />
            </View>
          </View>
          <View
            style={
              Object {
                "alignItems": "flex-end",
                "flex": 0.15,
                "justifyContent": "center",
              }
            }
          >
            <View
              onPress={undefined}
              style={
                Array [
                  false,
                  false,
                  false,
                  Object {
                    "alignItems": "center",
                    "backgroundColor": "transparent",
                    "justifyContent": "center",
                  },
                  undefined,
                ]
              }
              underlayColor="white"
            >
              <Text
                accessible={true}
                allowFontScaling={false}
                ellipsizeMode="tail"
                style={
                  Array [
                    Object {
                      "color": "#bdc6cf",
                      "fontSize": 28,
                    },
                    Array [
                      Object {
                        "backgroundColor": "transparent",
                      },
                      undefined,
                    ],
                    Object {
                      "fontFamily": "Material Icons",
                      "fontStyle": "normal",
                      "fontWeight": "normal",
                    },
                  ]
                }
              >
                
              </Text>
            </View>
          </View>
        </View>
      </View>
    </View>
    <View
      style={
        Array [
          Object {
            "backgroundColor": "#ffffff",
            "borderBottomWidth": 1,
            "borderColor": "#cbd2d9",
            "borderTopWidth": 1,
            "marginTop": 20,
          },
          undefined,
        ]
      }
    >
      <View
        onLongPress={undefined}
        onPress={undefined}
        style={
          Array [
            Object {
              "backgroundColor": "transparent",
              "borderBottomColor": "#ededed",
              "borderBottomWidth": 1,
              "paddingBottom": 10,
              "paddingRight": 10,
              "paddingTop": 10,
            },
            undefined,
          ]
        }
        underlayColor="white"
      >
        <View
          style={
            Array [
              Object {
                "flexDirection": "row",
                "marginLeft": 10,
              },
              undefined,
            ]
          }
        >
          <View
            style={
              Array [
                Object {
                  "alignItems": "center",
                  "flex": 0.15,
                  "justifyContent": "center",
                },
                undefined,
              ]
            }
          >
            <View
              onPress={undefined}
              style={
                Array [
                  false,
                  false,
                  false,
                  Object {
                    "alignItems": "center",
                    "backgroundColor": "transparent",
                    "justifyContent": "center",
                  },
                  undefined,
                ]
              }
              underlayColor="white"
            >
              <Text
                accessible={true}
                allowFontScaling={false}
                ellipsizeMode="tail"
                style={
                  Array [
                    Object {
                      "color": "#bdc6cf",
                      "fontSize": 24,
                    },
                    Array [
                      Object {
                        "backgroundColor": "transparent",
                      },
                      Array [
                        Object {
                          "marginRight": 8,
                        },
                        undefined,
                      ],
                    ],
                    Object {
                      "fontFamily": "Material Icons",
                      "fontStyle": "normal",
                      "fontWeight": "normal",
                    },
                  ]
                }
              >
                
              </Text>
            </View>
          </View>
          <View
            style={
              Object {
                "flex": 1,
                "justifyContent": "center",
              }
            }
          >
            <View
              style={undefined}
            >
              <Text
                accessible={true}
                allowFontScaling={true}
                ellipsizeMode="tail"
                style={
                  Array [
                    Object {},
                    undefined,
                    undefined,
                    undefined,
                    undefined,
                    undefined,
                    undefined,
                    undefined,
                    undefined,
                    undefined,
                    Array [
                      Object {
                        "color": "#43484d",
                        "fontSize": 17.5,
                      },
                      false,
                      undefined,
                      undefined,
                    ],
                  ]
                }
              >
                微信公众号
              </Text>
            </View>
            <View
              style={undefined}
            >
              <View />
            </View>
          </View>
          <View
            style={
              Object {
                "alignItems": "flex-end",
                "flex": 0.15,
                "justifyContent": "center",
              }
            }
          >
            <View
              onPress={undefined}
              style={
                Array [
                  false,
                  false,
                  false,
                  Object {
                    "alignItems": "center",
                    "backgroundColor": "transparent",
                    "justifyContent": "center",
                  },
                  undefined,
                ]
              }
              underlayColor="white"
            >
              <Text
                accessible={true}
                allowFontScaling={false}
                ellipsizeMode="tail"
                style={
                  Array [
                    Object {
                      "color": "#bdc6cf",
                      "fontSize": 28,
                    },
                    Array [
                      Object {
                        "backgroundColor": "transparent",
                      },
                      undefined,
                    ],
                    Object {
                      "fontFamily": "Material Icons",
                      "fontStyle": "normal",
                      "fontWeight": "normal",
                    },
                  ]
                }
              >
                
              </Text>
            </View>
          </View>
        </View>
      </View>
      <View
        onLongPress={undefined}
        onPress={undefined}
        style={
          Array [
            Object {
              "backgroundColor": "transparent",
              "borderBottomColor": "#ededed",
              "borderBottomWidth": 1,
              "paddingBottom": 10,
              "paddingRight": 10,
              "paddingTop": 10,
            },
            undefined,
          ]
        }
        underlayColor="white"
      >
        <View
          style={
            Array [
              Object {
                "flexDirection": "row",
                "marginLeft": 10,
              },
              undefined,
            ]
          }
        >
          <View
            style={
              Array [
                Object {
                  "alignItems": "center",
                  "flex": 0.15,
                  "justifyContent": "center",
                },
                undefined,
              ]
            }
          >
            <View
              onPress={undefined}
              style={
                Array [
                  false,
                  false,
                  false,
                  Object {
                    "alignItems": "center",
                    "backgroundColor": "transparent",
                    "justifyContent": "center",
                  },
                  undefined,
                ]
              }
              underlayColor="white"
            >
              <Text
                accessible={true}
                allowFontScaling={false}
                ellipsizeMode="tail"
                style={
                  Array [
                    Object {
                      "color": "#bdc6cf",
                      "fontSize": 24,
                    },
                    Array [
                      Object {
                        "backgroundColor": "transparent",
                      },
                      Array [
                        Object {
                          "marginRight": 8,
                        },
                        undefined,
                      ],
                    ],
                    Object {
                      "fontFamily": "Material Icons",
                      "fontStyle": "normal",
                      "fontWeight": "normal",
                    },
                  ]
                }
              >
                
              </Text>
            </View>
          </View>
          <View
            style={
              Object {
                "flex": 1,
                "justifyContent": "center",
              }
            }
          >
            <View
              style={undefined}
            >
              <Text
                accessible={true}
                allowFontScaling={true}
                ellipsizeMode="tail"
                style={
                  Array [
                    Object {},
                    undefined,
                    undefined,
                    undefined,
                    undefined,
                    undefined,
                    undefined,
                    undefined,
                    undefined,
                    undefined,
                    Array [
                      Object {
                        "color": "#43484d",
                        "fontSize": 17.5,
                      },
                      false,
                      undefined,
                      undefined,
                    ],
                  ]
                }
              >
                支持开发
              </Text>
            </View>
            <View
              style={undefined}
            >
              <View />
            </View>
          </View>
          <View
            style={
              Object {
                "alignItems": "flex-end",
                "flex": 0.15,
                "justifyContent": "center",
              }
            }
          >
            <View
              onPress={undefined}
              style={
                Array [
                  false,
                  false,
                  false,
                  Object {
                    "alignItems": "center",
                    "backgroundColor": "transparent",
                    "justifyContent": "center",
                  },
                  undefined,
                ]
              }
              underlayColor="white"
            >
              <Text
                accessible={true}
                allowFontScaling={false}
                ellipsizeMode="tail"
                style={
                  Array [
                    Object {
                      "color": "#bdc6cf",
                      "fontSize": 28,
                    },
                    Array [
                      Object {
                        "backgroundColor": "transparent",
                      },
                      undefined,
                    ],
                    Object {
                      "fontFamily": "Material Icons",
                      "fontStyle": "normal",
                      "fontWeight": "normal",
                    },
                  ]
                }
              >
                
              </Text>
            </View>
          </View>
        </View>
      </View>
      <View
        onLongPress={undefined}
        onPress={undefined}
        style={
          Array [
            Object {
              "backgroundColor": "transparent",
              "borderBottomColor": "#ededed",
              "borderBottomWidth": 1,
              "paddingBottom": 10,
              "paddingRight": 10,
              "paddingTop": 10,
            },
            undefined,
          ]
        }
        underlayColor="white"
      >
        <View
          style={
            Array [
              Object {
                "flexDirection": "row",
                "marginLeft": 10,
              },
              undefined,
            ]
          }
        >
          <View
            style={
              Object {
                "flex": 1,
                "justifyContent": "center",
              }
            }
          >
            <View
              style={undefined}
            >
              <Text
                accessible={true}
                allowFontScaling={true}
                ellipsizeMode="tail"
                style={
                  Array [
                    Object {},
                    undefined,
                    undefined,
                    undefined,
                    undefined,
                    undefined,
                    undefined,
                    undefined,
                    undefined,
                    undefined,
                    Array [
                      Object {
                        "color": "#43484d",
                        "fontSize": 17.5,
                      },
                      Object {
                        "marginLeft": 10,
                      },
                      undefined,
                      undefined,
                    ],
                  ]
                }
              >
                当前版本
              </Text>
            </View>
            <View
              style={undefined}
            >
              <View />
            </View>
          </View>
          <View
            style={
              Object {
                "alignItems": "flex-end",
                "flex": 0.15,
                "justifyContent": "center",
              }
            }
          >
            <View
              onPress={undefined}
              style={
                Array [
                  false,
                  false,
                  false,
                  Object {
                    "alignItems": "center",
                    "backgroundColor": "transparent",
                    "justifyContent": "center",
                  },
                  undefined,
                ]
              }
              underlayColor="white"
            >
              <Text
                accessible={true}
                allowFontScaling={false}
                ellipsizeMode="tail"
                style={
                  Array [
                    Object {
                      "color": "#bdc6cf",
                      "fontSize": 28,
                    },
                    Array [
                      Object {
                        "backgroundColor": "transparent",
                      },
                      undefined,
                    ],
                    Object {
                      "fontFamily": "Material Icons",
                      "fontStyle": "normal",
                      "fontWeight": "normal",
                    },
                  ]
                }
              >
                
              </Text>
            </View>
          </View>
        </View>
      </View>
    </View>
  </View>
</RCTScrollView>
`;
