// Jest Snapshot v1, https://goo.gl/fbAQLP

exports[`test user center renders correctly 1`] = `
<View
  style={
    Object {
      "backgroundColor": "#ffffff",
      "justifyContent": "center",
      "padding": 20,
    }
  }
>
  <Text
    accessible={true}
    allowFontScaling={true}
    ellipsizeMode="tail"
    style={
      Object {
        "paddingBottom": 10,
      }
    }
  >
    功能正在开发中。。。
  </Text>
  <View
    style={Object {}}
  >
    <View
      style={
        Object {
          "marginBottom": 10,
        }
      }
    >
      <Text
        accessible={true}
        allowFontScaling={true}
        ellipsizeMode="tail"
        style={
          Object {
            "color": "#000000",
            "fontSize": 17,
            "fontWeight": "500",
            "marginBottom": 7,
          }
        }
      >
        邮箱
      </Text>
      <View
        style={Object {}}
      >
        <TextInput
          accessibilityLabel="邮箱"
          autoCapitalize="none"
          autoCorrect={undefined}
          autoFocus={undefined}
          blurOnSubmit={undefined}
          clearButtonMode="while-editing"
          clearTextOnFocus={undefined}
          editable={undefined}
          enablesReturnKeyAutomatically={undefined}
          keyboardAppearance={undefined}
          keyboardType={undefined}
          maxLength={undefined}
          multiline={undefined}
          numberOfLines={undefined}
          onBlur={undefined}
          onChange={undefined}
          onChangeText={[Function]}
          onContentSizeChange={undefined}
          onEndEditing={undefined}
          onFocus={undefined}
          onKeyPress={undefined}
          onLayout={undefined}
          onSelectionChange={undefined}
          onSubmitEditing={undefined}
          placeholder={undefined}
          placeholderTextColor={undefined}
          returnKeyType={undefined}
          secureTextEntry={undefined}
          selectTextOnFocus={undefined}
          selectionColor={undefined}
          selectionState={undefined}
          style={
            Object {
              "borderColor": "#cccccc",
              "borderRadius": 4,
              "borderWidth": 1,
              "color": "#000000",
              "fontSize": 17,
              "height": 36,
              "marginBottom": 5,
              "paddingHorizontal": 7,
              "paddingVertical": 7,
            }
          }
          underlineColorAndroid="transparent"
          value=""
        />
      </View>
    </View>
    <View
      style={
        Object {
          "marginBottom": 10,
        }
      }
    >
      <Text
        accessible={true}
        allowFontScaling={true}
        ellipsizeMode="tail"
        style={
          Object {
            "color": "#000000",
            "fontSize": 17,
            "fontWeight": "500",
            "marginBottom": 7,
          }
        }
      >
        密码
      </Text>
      <View
        style={Object {}}
      >
        <TextInput
          accessibilityLabel="密码"
          autoCapitalize={undefined}
          autoCorrect={undefined}
          autoFocus={undefined}
          blurOnSubmit={undefined}
          clearButtonMode="while-editing"
          clearTextOnFocus={undefined}
          editable={undefined}
          enablesReturnKeyAutomatically={undefined}
          keyboardAppearance={undefined}
          keyboardType={undefined}
          maxLength={undefined}
          multiline={undefined}
          numberOfLines={undefined}
          onBlur={undefined}
          onChange={undefined}
          onChangeText={[Function]}
          onContentSizeChange={undefined}
          onEndEditing={undefined}
          onFocus={undefined}
          onKeyPress={undefined}
          onLayout={undefined}
          onSelectionChange={undefined}
          onSubmitEditing={undefined}
          placeholder={undefined}
          placeholderTextColor={undefined}
          returnKeyType={undefined}
          secureTextEntry={true}
          selectTextOnFocus={undefined}
          selectionColor={undefined}
          selectionState={undefined}
          style={
            Object {
              "borderColor": "#cccccc",
              "borderRadius": 4,
              "borderWidth": 1,
              "color": "#000000",
              "fontSize": 17,
              "height": 36,
              "marginBottom": 5,
              "paddingHorizontal": 7,
              "paddingVertical": 7,
            }
          }
          underlineColorAndroid="transparent"
          value=""
        />
      </View>
    </View>
  </View>
  <View
    accessibilityComponentType={undefined}
    accessibilityLabel={undefined}
    accessibilityTraits={undefined}
    accessible={true}
    hasTVPreferredFocus={undefined}
    hitSlop={undefined}
    isTVSelectable={true}
    onLayout={undefined}
    onResponderGrant={[Function]}
    onResponderMove={[Function]}
    onResponderRelease={[Function]}
    onResponderTerminate={[Function]}
    onResponderTerminationRequest={[Function]}
    onStartShouldSetResponder={[Function]}
    style={
      Array [
        Object {
          "backgroundColor": "transparent",
        },
        Object {
          "alignSelf": "stretch",
          "backgroundColor": "#48BBEC",
          "borderColor": "#48BBEC",
          "borderRadius": 8,
          "borderWidth": 1,
          "height": 36,
          "justifyContent": "center",
          "marginBottom": 10,
        },
      ]
    }
    testID={undefined}
    tvParallaxProperties={undefined}
  >
    <Text
      accessible={true}
      allowFontScaling={true}
      ellipsizeMode="tail"
      style={
        Object {
          "alignSelf": "center",
          "color": "white",
          "fontSize": 18,
        }
      }
    >
      登录
    </Text>
  </View>
</View>
`;
